// Jest Snapshot v1, https://goo.gl/fbAQLP

exports[`Pruebas con <LoginScreen /> debe de mostrarse correctamente 1`] = `
<div>
  <h1>
    Login Screen
  </h1>
  <hr />
  <button
    className="btn btn-primary"
    onClick={[Function]}
  >
    Establecer Usuario
  </button>
</div>
`;
